mode: atomic
github.com/LarsArtmann/template-SECURITY/internal/project_detector.go:14.44,16.2 1 0
github.com/LarsArtmann/template-SECURITY/internal/project_detector.go:19.55,21.50 1 0
github.com/LarsArtmann/template-SECURITY/internal/project_detector.go:21.50,23.56 1 0
github.com/LarsArtmann/template-SECURITY/internal/project_detector.go:23.56,27.22 3 0
github.com/LarsArtmann/template-SECURITY/internal/project_detector.go:27.22,29.5 1 0
github.com/LarsArtmann/template-SECURITY/internal/project_detector.go:34.2,34.52 1 0
github.com/LarsArtmann/template-SECURITY/internal/project_detector.go:34.52,36.3 1 0
github.com/LarsArtmann/template-SECURITY/internal/project_detector.go:39.2,39.46 1 0
github.com/LarsArtmann/template-SECURITY/internal/project_detector.go:39.46,41.3 1 0
github.com/LarsArtmann/template-SECURITY/internal/project_detector.go:44.2,44.50 1 0
github.com/LarsArtmann/template-SECURITY/internal/project_detector.go:44.50,46.3 1 0
github.com/LarsArtmann/template-SECURITY/internal/project_detector.go:49.2,49.54 1 0
github.com/LarsArtmann/template-SECURITY/internal/project_detector.go:49.54,51.3 1 0
github.com/LarsArtmann/template-SECURITY/internal/project_detector.go:54.2,54.54 1 0
github.com/LarsArtmann/template-SECURITY/internal/project_detector.go:54.54,56.3 1 0
github.com/LarsArtmann/template-SECURITY/internal/project_detector.go:58.2,58.20 1 0
github.com/LarsArtmann/template-SECURITY/internal/project_detector.go:62.56,64.51 1 0
github.com/LarsArtmann/template-SECURITY/internal/project_detector.go:64.51,66.3 1 0
github.com/LarsArtmann/template-SECURITY/internal/project_detector.go:69.2,69.53 1 0
github.com/LarsArtmann/template-SECURITY/internal/project_detector.go:69.53,71.3 1 0
github.com/LarsArtmann/template-SECURITY/internal/project_detector.go:74.2,74.31 1 0
github.com/LarsArtmann/template-SECURITY/internal/project_detector.go:78.50,80.60 1 0
github.com/LarsArtmann/template-SECURITY/internal/project_detector.go:80.60,82.3 1 0
github.com/LarsArtmann/template-SECURITY/internal/project_detector.go:85.2,86.15 2 0
github.com/LarsArtmann/template-SECURITY/internal/project_detector.go:86.15,88.33 1 0
github.com/LarsArtmann/template-SECURITY/internal/project_detector.go:88.33,90.22 2 0
github.com/LarsArtmann/template-SECURITY/internal/project_detector.go:90.22,92.5 1 0
github.com/LarsArtmann/template-SECURITY/internal/project_detector.go:96.3,96.39 1 0
github.com/LarsArtmann/template-SECURITY/internal/project_detector.go:99.2,99.22 1 0
github.com/LarsArtmann/template-SECURITY/internal/project_detector.go:103.57,107.16 3 0
github.com/LarsArtmann/template-SECURITY/internal/project_detector.go:107.16,109.3 1 0
github.com/LarsArtmann/template-SECURITY/internal/project_detector.go:111.2,111.42 1 0
github.com/LarsArtmann/template-SECURITY/internal/project_detector.go:115.60,117.18 2 0
github.com/LarsArtmann/template-SECURITY/internal/project_detector.go:117.18,119.3 1 0
github.com/LarsArtmann/template-SECURITY/internal/project_detector.go:122.2,128.60 3 0
github.com/LarsArtmann/template-SECURITY/internal/project_detector.go:128.60,132.22 3 0
github.com/LarsArtmann/template-SECURITY/internal/project_detector.go:132.22,134.4 1 0
github.com/LarsArtmann/template-SECURITY/internal/project_detector.go:138.2,138.35 1 0
github.com/LarsArtmann/template-SECURITY/internal/project_detector.go:138.35,140.22 2 0
github.com/LarsArtmann/template-SECURITY/internal/project_detector.go:140.22,142.27 2 0
github.com/LarsArtmann/template-SECURITY/internal/project_detector.go:142.27,144.5 1 0
github.com/LarsArtmann/template-SECURITY/internal/project_detector.go:149.2,150.21 2 0
github.com/LarsArtmann/template-SECURITY/internal/project_detector.go:150.21,152.3 1 0
github.com/LarsArtmann/template-SECURITY/internal/project_detector.go:154.2,154.11 1 0
github.com/LarsArtmann/template-SECURITY/internal/project_detector.go:158.63,160.18 2 0
github.com/LarsArtmann/template-SECURITY/internal/project_detector.go:160.18,162.3 1 0
github.com/LarsArtmann/template-SECURITY/internal/project_detector.go:164.2,167.60 2 0
github.com/LarsArtmann/template-SECURITY/internal/project_detector.go:167.60,169.58 2 0
github.com/LarsArtmann/template-SECURITY/internal/project_detector.go:169.58,171.4 1 0
github.com/LarsArtmann/template-SECURITY/internal/project_detector.go:175.2,175.35 1 0
github.com/LarsArtmann/template-SECURITY/internal/project_detector.go:175.35,176.58 1 0
github.com/LarsArtmann/template-SECURITY/internal/project_detector.go:176.58,178.73 2 0
github.com/LarsArtmann/template-SECURITY/internal/project_detector.go:178.73,180.5 1 0
github.com/LarsArtmann/template-SECURITY/internal/project_detector.go:184.2,184.11 1 0
github.com/LarsArtmann/template-SECURITY/internal/project_detector.go:188.59,190.16 2 0
github.com/LarsArtmann/template-SECURITY/internal/project_detector.go:190.16,192.3 1 0
github.com/LarsArtmann/template-SECURITY/internal/project_detector.go:196.2,200.17 3 0
github.com/LarsArtmann/template-SECURITY/internal/project_detector.go:200.17,202.3 1 0
github.com/LarsArtmann/template-SECURITY/internal/project_detector.go:205.2,206.17 2 0
github.com/LarsArtmann/template-SECURITY/internal/project_detector.go:206.17,208.3 1 0
github.com/LarsArtmann/template-SECURITY/internal/project_detector.go:211.2,212.22 2 0
github.com/LarsArtmann/template-SECURITY/internal/project_detector.go:212.22,214.3 1 0
github.com/LarsArtmann/template-SECURITY/internal/project_detector.go:217.2,220.19 3 0
github.com/LarsArtmann/template-SECURITY/internal/project_detector.go:220.19,222.3 1 0
github.com/LarsArtmann/template-SECURITY/internal/project_detector.go:224.2,226.33 2 0
github.com/LarsArtmann/template-SECURITY/internal/project_detector.go:230.62,232.16 2 0
github.com/LarsArtmann/template-SECURITY/internal/project_detector.go:232.16,234.3 1 0
github.com/LarsArtmann/template-SECURITY/internal/project_detector.go:236.2,239.48 2 0
github.com/LarsArtmann/template-SECURITY/internal/project_detector.go:239.48,241.18 2 0
github.com/LarsArtmann/template-SECURITY/internal/project_detector.go:241.18,243.73 1 0
github.com/LarsArtmann/template-SECURITY/internal/project_detector.go:243.73,245.23 2 0
github.com/LarsArtmann/template-SECURITY/internal/project_detector.go:245.23,250.21 3 0
github.com/LarsArtmann/template-SECURITY/internal/project_detector.go:250.21,252.22 2 0
github.com/LarsArtmann/template-SECURITY/internal/project_detector.go:252.22,256.24 3 0
github.com/LarsArtmann/template-SECURITY/internal/project_detector.go:256.24,260.9 2 0
github.com/LarsArtmann/template-SECURITY/internal/project_detector.go:269.2,270.51 2 0
github.com/LarsArtmann/template-SECURITY/internal/project_detector.go:270.51,271.57 1 0
github.com/LarsArtmann/template-SECURITY/internal/project_detector.go:271.57,273.4 1 0
github.com/LarsArtmann/template-SECURITY/internal/project_detector.go:276.2,276.11 1 0
github.com/LarsArtmann/template-SECURITY/internal/project_detector.go:280.53,282.16 2 0
github.com/LarsArtmann/template-SECURITY/internal/project_detector.go:282.16,284.3 1 0
github.com/LarsArtmann/template-SECURITY/internal/project_detector.go:286.2,289.26 3 0
github.com/LarsArtmann/template-SECURITY/internal/project_detector.go:289.26,291.58 2 0
github.com/LarsArtmann/template-SECURITY/internal/project_detector.go:291.58,297.22 4 0
github.com/LarsArtmann/template-SECURITY/internal/project_detector.go:297.22,299.5 1 0
github.com/LarsArtmann/template-SECURITY/internal/project_detector.go:303.2,303.11 1 0
github.com/LarsArtmann/template-SECURITY/internal/project_detector.go:307.75,309.16 2 0
github.com/LarsArtmann/template-SECURITY/internal/project_detector.go:309.16,311.3 1 0
github.com/LarsArtmann/template-SECURITY/internal/project_detector.go:313.2,316.26 3 0
github.com/LarsArtmann/template-SECURITY/internal/project_detector.go:316.26,318.58 2 0
github.com/LarsArtmann/template-SECURITY/internal/project_detector.go:318.58,324.4 3 0
github.com/LarsArtmann/template-SECURITY/internal/project_detector.go:327.2,327.11 1 0
github.com/LarsArtmann/template-SECURITY/internal/project_detector.go:331.57,333.2 1 0
github.com/LarsArtmann/template-SECURITY/internal/project_detector.go:336.61,338.2 1 0
github.com/LarsArtmann/template-SECURITY/internal/project_detector.go:341.61,343.16 2 0
github.com/LarsArtmann/template-SECURITY/internal/project_detector.go:343.16,345.3 1 0
github.com/LarsArtmann/template-SECURITY/internal/project_detector.go:347.2,347.27 1 0
github.com/LarsArtmann/template-SECURITY/internal/security_tool.go:36.40,37.20 1 0
github.com/LarsArtmann/template-SECURITY/internal/security_tool.go:37.20,39.3 1 0
github.com/LarsArtmann/template-SECURITY/internal/security_tool.go:41.2,41.49 1 0
github.com/LarsArtmann/template-SECURITY/internal/security_tool.go:44.40,46.2 1 0
github.com/LarsArtmann/template-SECURITY/internal/security_tool.go:49.80,56.2 1 0
github.com/LarsArtmann/template-SECURITY/internal/security_tool.go:106.38,108.2 1 4
github.com/LarsArtmann/template-SECURITY/internal/security_tool.go:111.72,123.16 6 0
github.com/LarsArtmann/template-SECURITY/internal/security_tool.go:123.16,130.3 1 0
github.com/LarsArtmann/template-SECURITY/internal/security_tool.go:133.2,136.16 3 0
github.com/LarsArtmann/template-SECURITY/internal/security_tool.go:136.16,143.3 1 0
github.com/LarsArtmann/template-SECURITY/internal/security_tool.go:146.2,146.23 1 0
github.com/LarsArtmann/template-SECURITY/internal/security_tool.go:146.23,148.3 1 0
github.com/LarsArtmann/template-SECURITY/internal/security_tool.go:150.2,150.30 1 0
github.com/LarsArtmann/template-SECURITY/internal/security_tool.go:150.30,152.3 1 0
github.com/LarsArtmann/template-SECURITY/internal/security_tool.go:154.2,154.33 1 0
github.com/LarsArtmann/template-SECURITY/internal/security_tool.go:154.33,156.3 1 0
github.com/LarsArtmann/template-SECURITY/internal/security_tool.go:158.2,158.28 1 0
github.com/LarsArtmann/template-SECURITY/internal/security_tool.go:158.28,160.3 1 0
github.com/LarsArtmann/template-SECURITY/internal/security_tool.go:162.2,162.30 1 0
github.com/LarsArtmann/template-SECURITY/internal/security_tool.go:162.30,164.3 1 0
github.com/LarsArtmann/template-SECURITY/internal/security_tool.go:166.2,166.29 1 0
github.com/LarsArtmann/template-SECURITY/internal/security_tool.go:166.29,168.3 1 0
github.com/LarsArtmann/template-SECURITY/internal/security_tool.go:170.2,170.21 1 0
github.com/LarsArtmann/template-SECURITY/internal/security_tool.go:174.49,186.6 3 0
github.com/LarsArtmann/template-SECURITY/internal/security_tool.go:186.6,187.36 1 0
github.com/LarsArtmann/template-SECURITY/internal/security_tool.go:187.36,189.49 2 0
github.com/LarsArtmann/template-SECURITY/internal/security_tool.go:189.49,191.5 1 0
github.com/LarsArtmann/template-SECURITY/internal/security_tool.go:195.3,196.20 2 0
github.com/LarsArtmann/template-SECURITY/internal/security_tool.go:196.20,197.9 1 0
github.com/LarsArtmann/template-SECURITY/internal/security_tool.go:200.3,200.15 1 0
github.com/LarsArtmann/template-SECURITY/internal/security_tool.go:203.2,203.11 1 0
github.com/LarsArtmann/template-SECURITY/internal/security_tool.go:239.88,245.16 3 1
github.com/LarsArtmann/template-SECURITY/internal/security_tool.go:245.16,252.3 1 0
github.com/LarsArtmann/template-SECURITY/internal/security_tool.go:255.2,256.16 2 1
github.com/LarsArtmann/template-SECURITY/internal/security_tool.go:256.16,258.3 1 0
github.com/LarsArtmann/template-SECURITY/internal/security_tool.go:261.2,262.29 2 1
github.com/LarsArtmann/template-SECURITY/internal/security_tool.go:262.29,264.3 1 1
github.com/LarsArtmann/template-SECURITY/internal/security_tool.go:266.2,266.73 1 1
github.com/LarsArtmann/template-SECURITY/internal/security_tool.go:266.73,268.3 1 0
github.com/LarsArtmann/template-SECURITY/internal/security_tool.go:270.2,272.12 2 1
github.com/LarsArtmann/template-SECURITY/internal/security_tool.go:276.79,280.64 2 2
github.com/LarsArtmann/template-SECURITY/internal/security_tool.go:280.64,281.65 1 0
github.com/LarsArtmann/template-SECURITY/internal/security_tool.go:281.65,283.4 1 0
github.com/LarsArtmann/template-SECURITY/internal/security_tool.go:286.2,297.37 2 2
github.com/LarsArtmann/template-SECURITY/internal/security_tool.go:297.37,299.3 1 2
github.com/LarsArtmann/template-SECURITY/internal/security_tool.go:301.2,301.13 1 2
github.com/LarsArtmann/template-SECURITY/internal/security_tool.go:305.77,311.16 3 1
github.com/LarsArtmann/template-SECURITY/internal/security_tool.go:311.16,313.3 1 0
github.com/LarsArtmann/template-SECURITY/internal/security_tool.go:315.2,315.29 1 1
github.com/LarsArtmann/template-SECURITY/internal/security_tool.go:319.100,322.16 2 2
github.com/LarsArtmann/template-SECURITY/internal/security_tool.go:322.16,324.3 1 0
github.com/LarsArtmann/template-SECURITY/internal/security_tool.go:327.2,328.49 2 2
github.com/LarsArtmann/template-SECURITY/internal/security_tool.go:328.49,330.3 1 0
github.com/LarsArtmann/template-SECURITY/internal/security_tool.go:332.2,332.26 1 2
github.com/LarsArtmann/template-SECURITY/internal/security_tool.go:335.51,347.2 2 3
github.com/LarsArtmann/template-SECURITY/internal/security_validator.go:13.48,15.2 1 3
github.com/LarsArtmann/template-SECURITY/internal/security_validator.go:28.38,35.16 3 5
github.com/LarsArtmann/template-SECURITY/internal/security_validator.go:35.16,37.3 1 0
github.com/LarsArtmann/template-SECURITY/internal/security_validator.go:39.2,88.43 4 5
github.com/LarsArtmann/template-SECURITY/internal/security_validator.go:88.43,91.30 2 30
github.com/LarsArtmann/template-SECURITY/internal/security_validator.go:91.30,92.81 1 222
github.com/LarsArtmann/template-SECURITY/internal/security_validator.go:92.81,95.10 2 16
github.com/LarsArtmann/template-SECURITY/internal/security_validator.go:99.3,99.13 1 30
github.com/LarsArtmann/template-SECURITY/internal/security_validator.go:99.13,100.32 1 14
github.com/LarsArtmann/template-SECURITY/internal/security_validator.go:100.32,102.5 1 9
github.com/LarsArtmann/template-SECURITY/internal/security_validator.go:102.10,104.5 1 5
github.com/LarsArtmann/template-SECURITY/internal/security_validator.go:109.2,114.20 3 5
github.com/LarsArtmann/template-SECURITY/internal/security_validator.go:121.3,125.21 2 8
github.com/LarsArtmann/template-SECURITY/internal/security_validator.go:125.21,127.3 1 8
github.com/LarsArtmann/template-SECURITY/internal/security_validator.go:130.2,130.29 1 8
github.com/LarsArtmann/template-SECURITY/internal/security_validator.go:130.29,131.67 1 67
github.com/LarsArtmann/template-SECURITY/internal/security_validator.go:131.67,136.4 1 3
github.com/LarsArtmann/template-SECURITY/internal/security_validator.go:140.2,142.29 2 8
github.com/LarsArtmann/template-SECURITY/internal/security_validator.go:142.29,144.92 2 31
github.com/LarsArtmann/template-SECURITY/internal/security_validator.go:144.92,147.9 2 6
github.com/LarsArtmann/template-SECURITY/internal/security_validator.go:151.2,151.23 1 8
github.com/LarsArtmann/template-SECURITY/internal/security_validator.go:151.23,153.3 1 2
github.com/LarsArtmann/template-SECURITY/internal/security_validator.go:156.2,158.29 2 8
github.com/LarsArtmann/template-SECURITY/internal/security_validator.go:158.29,160.65 1 67
github.com/LarsArtmann/template-SECURITY/internal/security_validator.go:160.65,163.9 2 0
github.com/LarsArtmann/template-SECURITY/internal/security_validator.go:167.2,167.17 1 8
github.com/LarsArtmann/template-SECURITY/internal/security_validator.go:167.17,169.3 1 8
github.com/LarsArtmann/template-SECURITY/internal/security_validator.go:173.80,177.33 3 1
github.com/LarsArtmann/template-SECURITY/internal/security_validator.go:177.33,178.19 1 2
github.com/LarsArtmann/template-SECURITY/internal/security_validator.go:178.19,180.4 1 1
github.com/LarsArtmann/template-SECURITY/internal/security_validator.go:183.2,189.33 6 1
github.com/LarsArtmann/template-SECURITY/internal/security_validator.go:189.33,191.20 2 2
github.com/LarsArtmann/template-SECURITY/internal/security_validator.go:191.20,193.4 1 1
github.com/LarsArtmann/template-SECURITY/internal/security_validator.go:195.3,198.37 2 2
github.com/LarsArtmann/template-SECURITY/internal/security_validator.go:198.37,200.4 1 1
github.com/LarsArtmann/template-SECURITY/internal/security_validator.go:203.3,203.43 1 2
github.com/LarsArtmann/template-SECURITY/internal/security_validator.go:203.43,205.4 1 1
github.com/LarsArtmann/template-SECURITY/internal/security_validator.go:207.3,207.57 1 2
github.com/LarsArtmann/template-SECURITY/internal/security_validator.go:207.57,209.4 1 2
